// Jest Snapshot v1, https://goo.gl/fbAQLP

exports[`should render correctly 1`] = `
<div
  className="badge-pill h4 px-3 tag"
  key="0"
/>
`;
