// Jest Snapshot v1, https://goo.gl/fbAQLP

exports[`should render correctly 1`] = `
<Tags
  dispatch={[Function]}
  getTag={[Function]}
  store={
    Object {
      "clearActions": [Function],
      "dispatch": [Function],
      "getActions": [Function],
      "getState": [Function],
      "replaceReducer": [Function],
      "subscribe": [Function],
    }
  }
  tags={
    Array [
      Object {},
    ]
  }
>
  <TagList
    tags={
      Array [
        Object {},
      ]
    }
  >
    <div
      className="badge-pill h4 px-3 tag"
      key="0"
    />
  </TagList>
</Tags>
`;
