// Jest Snapshot v1, https://goo.gl/fbAQLP

exports[`<Follow /> component renders the Follow component 1`] = `
<button
  className="btn btn-outline-danger btn-sm m-2"
  id="bt-follow"
  onClick={[Function]}
  type="button"
>
  Unfollow
</button>
`;
